{
  "version": "1.5.0",
  "plugins_used": [
    {
      "name": "ArtifactoryDetector"
    },
    {
      "name": "AWSKeyDetector"
    },
    {
      "name": "AzureStorageKeyDetector"
    },
    {
      "name": "Base64HighEntropyString",
      "limit": 4.5
    },
    {
      "name": "BasicAuthDetector"
    },
    {
      "name": "CloudantDetector"
    },
    {
      "name": "DiscordBotTokenDetector"
    },
    {
      "name": "GitHubTokenDetector"
    },
    {
      "name": "GitLabTokenDetector"
    },
    {
      "name": "HexHighEntropyString",
      "limit": 3.0
    },
    {
      "name": "IbmCloudIamDetector"
    },
    {
      "name": "IbmCosHmacDetector"
    },
    {
      "name": "IPPublicDetector"
    },
    {
      "name": "JwtTokenDetector"
    },
    {
      "name": "KeywordDetector",
      "keyword_exclude": ""
    },
    {
      "name": "MailchimpDetector"
    },
    {
      "name": "NpmDetector"
    },
    {
      "name": "OpenAIDetector"
    },
    {
      "name": "PrivateKeyDetector"
    },
    {
      "name": "PypiTokenDetector"
    },
    {
      "name": "SendGridDetector"
    },
    {
      "name": "SlackDetector"
    },
    {
      "name": "SoftlayerDetector"
    },
    {
      "name": "SquareOAuthDetector"
    },
    {
      "name": "StripeDetector"
    },
    {
      "name": "TelegramBotTokenDetector"
    },
    {
      "name": "TwilioKeyDetector"
    }
  ],
  "filters_used": [
    {
      "path": "detect_secrets.filters.allowlist.is_line_allowlisted"
    },
    {
      "path": "detect_secrets.filters.common.is_ignored_due_to_verification_policies",
      "min_level": 2
    },
    {
      "path": "detect_secrets.filters.heuristic.is_indirect_reference"
    },
    {
      "path": "detect_secrets.filters.heuristic.is_likely_id_string"
    },
    {
      "path": "detect_secrets.filters.heuristic.is_lock_file"
    },
    {
      "path": "detect_secrets.filters.heuristic.is_not_alphanumeric_string"
    },
    {
      "path": "detect_secrets.filters.heuristic.is_potential_uuid"
    },
    {
      "path": "detect_secrets.filters.heuristic.is_prefixed_with_dollar_sign"
    },
    {
      "path": "detect_secrets.filters.heuristic.is_sequential_string"
    },
    {
      "path": "detect_secrets.filters.heuristic.is_swagger_file"
    },
    {
      "path": "detect_secrets.filters.heuristic.is_templated_secret"
    }
  ],
  "results": {
    ".claude/commands/check-gcp.md": [
      {
        "type": "Basic Auth Credentials",
        "filename": ".claude/commands/check-gcp.md",
        "hashed_secret": "9d4e1e23bd5b727046a9e3b4b7db57bd8d6ee684",
        "is_verified": false,
        "line_number": 49
      }
    ],
    ".claude/commands/compliance-check.md": [
      {
        "type": "Basic Auth Credentials",
        "filename": ".claude/commands/compliance-check.md",
        "hashed_secret": "9c1f0f771f8a32f2476c6ed3171d75cbd84d286f",
        "is_verified": false,
        "line_number": 61
      },
      {
        "type": "Secret Keyword",
        "filename": ".claude/commands/compliance-check.md",
        "hashed_secret": "8c01bda10ee488f6106c448cb1b2f4ff9475b3e4",
        "is_verified": false,
        "line_number": 62
      },
      {
        "type": "Secret Keyword",
        "filename": ".claude/commands/compliance-check.md",
        "hashed_secret": "1a2f43384c04e77b8965ee307cb6eb2812124bb2",
        "is_verified": false,
        "line_number": 235
      }
    ],
    ".env.example": [
      {
        "type": "Basic Auth Credentials",
        "filename": ".env.example",
        "hashed_secret": "9c1f0f771f8a32f2476c6ed3171d75cbd84d286f",
        "is_verified": false,
        "line_number": 19
      }
    ],
    ".github/workflows/ci.yml": [
      {
        "type": "Secret Keyword",
        "filename": ".github/workflows/ci.yml",
        "hashed_secret": "9c1f0f771f8a32f2476c6ed3171d75cbd84d286f",
        "is_verified": false,
        "line_number": 43
      },
      {
        "type": "Basic Auth Credentials",
        "filename": ".github/workflows/ci.yml",
        "hashed_secret": "9c1f0f771f8a32f2476c6ed3171d75cbd84d286f",
        "is_verified": false,
        "line_number": 78
      },
      {
        "type": "Secret Keyword",
        "filename": ".github/workflows/ci.yml",
        "hashed_secret": "d7650c88ee12052460f58879d6d1c67fa53718bb",
        "is_verified": false,
        "line_number": 79
      },
      {
        "type": "Secret Keyword",
        "filename": ".github/workflows/ci.yml",
        "hashed_secret": "53a07f63d2380a26d4f3be29160119d9f606e81b",
        "is_verified": false,
        "line_number": 239
      },
      {
        "type": "Secret Keyword",
        "filename": ".github/workflows/ci.yml",
        "hashed_secret": "b4925768ac7188f2bf1abbd651d0011cb9df0cd6",
        "is_verified": false,
        "line_number": 290
      },
      {
        "type": "Secret Keyword",
        "filename": ".github/workflows/ci.yml",
        "hashed_secret": "9b656a24c05278830559de5f911ea27c8d4f5f87",
        "is_verified": false,
        "line_number": 366
      }
    ],
    ".github/workflows/drift-detection.yml": [
      {
        "type": "Secret Keyword",
        "filename": ".github/workflows/drift-detection.yml",
        "hashed_secret": "9b656a24c05278830559de5f911ea27c8d4f5f87",
        "is_verified": false,
        "line_number": 60
      }
    ],
    "iac-terraform/gcp-cloud-run/main.tf": [
      {
        "type": "Basic Auth Credentials",
        "filename": "iac-terraform/gcp-cloud-run/main.tf",
        "hashed_secret": "347cd9c53ff77d41a7b22aa56c7b4efaf54658e3",
        "is_verified": false,
        "line_number": 73
      }
    ],
    "load-testing/k6/load.js": [
      {
        "type": "Secret Keyword",
        "filename": "load-testing/k6/load.js",
        "hashed_secret": "9afb44e5233a4d5fe32cd62dc584e33e73ac107b",
        "is_verified": false,
        "line_number": 77
      }
    ],
    "load-testing/k6/smoke.js": [
      {
        "type": "Secret Keyword",
        "filename": "load-testing/k6/smoke.js",
        "hashed_secret": "9ebfffcf3554381308bc81c5686d748d56957b16",
        "is_verified": false,
        "line_number": 43
      }
    ],
    "load-testing/k6/spike.js": [
      {
        "type": "Secret Keyword",
        "filename": "load-testing/k6/spike.js",
        "hashed_secret": "ecda8281bf5db71d535e93429883ae86e57b1cf8",
        "is_verified": false,
        "line_number": 66
      }
    ],
    "load-testing/locust/locustfile.py": [
      {
        "type": "Secret Keyword",
        "filename": "load-testing/locust/locustfile.py",
        "hashed_secret": "401219f199999b7886c5413ebe466562db313629",
        "is_verified": false,
        "line_number": 45
      }
    ],
    "observability/docker-compose.observability.yml": [
      {
        "type": "Secret Keyword",
        "filename": "observability/docker-compose.observability.yml",
        "hashed_secret": "d033e22ae348aeb5660fc2140aec35850c4da997",
        "is_verified": false,
        "line_number": 70
      }
    ],
    "security/manual-checks.sh": [
      {
        "type": "JSON Web Token",
        "filename": "security/manual-checks.sh",
        "hashed_secret": "dfce8097cc815df6d28d41feb756cc1799ca0543",
        "is_verified": false,
        "line_number": 206
      },
      {
        "type": "JSON Web Token",
        "filename": "security/manual-checks.sh",
        "hashed_secret": "9a87a5f72526a26bb7bdd06e4e369f6f612a175a",
        "is_verified": false,
        "line_number": 216
      },
      {
        "type": "Secret Keyword",
        "filename": "security/manual-checks.sh",
        "hashed_secret": "d8ecf7db8fc9ec9c31bc5c9ae2929cc599c75f8d",
        "is_verified": false,
        "line_number": 327
      }
    ]
  },
  "generated_at": "2026-06-19T10:45:22Z"
}
